[watchahatv.com/index.html]
[backblue.gif]
[fade.gif]
[index.html]
[watchahatv.com/assets/css/bootstrap.css]
[watchahatv.com/style.css]
[watchahatv.com/assets/css/dark.css]
[watchahatv.com/assets/css/font-icons.css]
[watchahatv.com/assets/one-page/css/et-line.css]
[watchahatv.com/assets/css/animate.css]
[watchahatv.com/assets/css/magnific-popup.css]
[watchahatv.com/assets/css/font-awesome.min.css]
[cdnjs.cloudflare.com/ajax/libs/animate.css/4.0.0/animate.min.css]
[watchahatv.com/assets/css/responsive.css]
[watchahatv.com/assets/css/customc3db.css]
[watchahatv.com/assets/js/jquery.js]
[watchahatv.com/assets/js/jquery.resizeandcrop.js]
[client.crisp.chat/l.js]
[watchahatv.com/assets/images/logows.png]
[watchahatv.com/channels.html]
[watchahatv.com/movies.html]
[watchahatv.com/shows.html]
[watchahatv.com/series.html]
[watchahatv.com/devices.html]
[watchahatv.com/install.html]
[watchahatv.com/support.html]
[watchahatv.com/users/login.html]
[watchahatv.com/assets/images/intro/new/intro-hero.jpg]
[watchahatv.com/webtv/index.html]
[watchahatv.com/users/signup.html]
[watchahatv.com/assets/images/bg3ffaf.jpg]
[watchahatv.com/assets/images/defaultffaf.png]
[watchahatv.com/assets/images/bg4.jpg]
[watchahatv.com/assets/images/fire.jpg]
[watchahatv.com/assets/images/android.jpg]
[watchahatv.com/assets/images/kodi.jpg]
[watchahatv.com/assets/images/mag.jpg]
[watchahatv.com/assets/images/chromecast.jpg]
[watchahatv.com/assets/images/airplay.jpg]
[watchahatv.com/assets/images/facebooke67d.png]
[watchahatv.com/assets/images/instagrame67d.png]
[watchahatv.com/assets/images/youtubee67d.png]
[watchahatv.com/assets/js/plugins.js]
[watchahatv.com/assets/js/froogaloop.min.js]
[watchahatv.com/index.html]
[watchahatv.com/assets/css/bootstrap.css]
[watchahatv.com/assets/js/functions.js]
[watchahatv.com/index-2.html]
[watchahatv.com/style.css]
[watchahatv.com/assets/css/dark.css]
[watchahatv.com/assets/index.html]
[watchahatv.com/assets/css/fonts/font-icons.eot]
[watchahatv.com/assets/css/fonts/font-icons.woff]
[watchahatv.com/assets/css/fonts/font-icons.ttf]
[watchahatv.com/assets/css/fonts/font-icons.svg]
[watchahatv.com/assets/css/fonts/lined-icons.eot]
[watchahatv.com/assets/css/fonts/lined-icons.woff]
[watchahatv.com/assets/css/fonts/lined-icons.ttf]
[watchahatv.com/assets/css/fonts/lined-icons.svg]
[watchahatv.com/assets/css/fonts/Simple-Line-Icons.eot]
[watchahatv.com/assets/css/fonts/Simple-Line-Iconsd41dd41d.eot]
[watchahatv.com/assets/css/fonts/Simple-Line-Icons.woff]
[watchahatv.com/assets/css/fonts/Simple-Line-Icons.ttf]
[watchahatv.com/assets/css/font-icons.css]
[watchahatv.com/assets/css/fonts/Simple-Line-Icons.svg]
[watchahatv.com/assets/one-page/css/et-line/et-line.eot]
[watchahatv.com/assets/one-page/css/et-line/et-lined41dd41d.eot]
[watchahatv.com/assets/one-page/css/et-line/et-line.woff]
[watchahatv.com/assets/one-page/css/et-line/et-line.ttf]
[watchahatv.com/assets/one-page/css/et-line.css]
[watchahatv.com/assets/css/animate.css]
[watchahatv.com/assets/css/magnific-popup.css]
[watchahatv.com/assets/one-page/css/et-line/et-line.svg]
[watchahatv.com/assets/fonts/fontawesome-webfont3e6e.eot]
[watchahatv.com/assets/fonts/fontawesome-webfontd41d.eot]
[watchahatv.com/assets/fonts/fontawesome-webfont3e6e.woff2]
[watchahatv.com/assets/fonts/fontawesome-webfont3e6e.woff]
[watchahatv.com/assets/fonts/fontawesome-webfont3e6e.ttf]
[watchahatv.com/assets/css/font-awesome.min.css]
[cdnjs.cloudflare.com/ajax/libs/animate.css/4.0.0/animate.min.css]
[watchahatv.com/assets/css/responsive.css]
[watchahatv.com/assets/css/customc3db.css]
[watchahatv.com/assets/fonts/fontawesome-webfont3e6e.svg]
[watchahatv.com/channels3f95.html]
[watchahatv.com/channels9862.html]
[watchahatv.com/channelsde11.html]
[watchahatv.com/channelsa911.html]
[watchahatv.com/channels982a.html]
[watchahatv.com/channelsef47.html]
[watchahatv.com/channels4438.html]
[watchahatv.com/channels2a98.html]
[watchahatv.com/channelsa623.html]
[watchahatv.com/channels950d.html]
[watchahatv.com/channels7bb5.html]
[watchahatv.com/channels.html]
[watchahatv.com/channelsb4e5.html]
[watchahatv.com/moviese45e.html]
[watchahatv.com/movies1103.html]
[watchahatv.com/movies6bea.html]
[watchahatv.com/moviescb68.html]
[watchahatv.com/moviesfb1b.html]
[watchahatv.com/movies8921.html]
[watchahatv.com/moviesb0a5.html]
[watchahatv.com/moviesbcbb.html]
[watchahatv.com/moviesbbb2.html]
[watchahatv.com/movies9394.html]
[watchahatv.com/movies4340.html]
[watchahatv.com/movies6544.html]
[watchahatv.com/moviesf3a0.html]
[watchahatv.com/moviesb8d8.html]
[watchahatv.com/movies.html]
[watchahatv.com/moviesd84f.html]
[watchahatv.com/shows6448.html]
[watchahatv.com/shows192f.html]
[watchahatv.com/shows0c74.html]
[watchahatv.com/showsf698.html]
[watchahatv.com/shows06eb.html]
[watchahatv.com/showse23d.html]
[watchahatv.com/shows44c5.html]
[watchahatv.com/shows8c57.html]
[watchahatv.com/shows0ecd.html]
[watchahatv.com/shows9a6c.html]
[watchahatv.com/shows60f6.html]
[watchahatv.com/showse323.html]
[watchahatv.com/shows.html]
[watchahatv.com/shows451c.html]
[watchahatv.com/series96e1.html]
[watchahatv.com/seriese26e.html]
[watchahatv.com/seriesd2cb.html]
[watchahatv.com/seriesccf4.html]
[watchahatv.com/seriesffea.html]
[watchahatv.com/series9877.html]
[watchahatv.com/seriesaa74.html]
[watchahatv.com/series9a6c.html]
[watchahatv.com/series60f6.html]
[watchahatv.com/seriese323.html]
[watchahatv.com/series.html]
[watchahatv.com/series451c.html]
[watchahatv.com/assets/images/devices/fire.png]
[watchahatv.com/assets/images/devices/android.png]
[watchahatv.com/assets/images/devices/kodi.png]
[watchahatv.com/assets/images/devices/mag.png]
[watchahatv.com/assets/images/devices/chromecast7839.png]
[watchahatv.com/devices.html]
[watchahatv.com/assets/images/devices/airplay.jpg]
[watchahatv.com/assets/images/devices/install1.jpg]
[watchahatv.com/assets/images/devices/install2.jpg]
[watchahatv.com/assets/images/devices/install3.jpg]
[watchahatv.com/assets/images/devices/install4.jpg]
[watchahatv.com/android/index.html]
[watchahatv.com/http://emu.sw4u.net]
[watchahatv.com/install.html]
[watchahatv.com/support.html]
[watchahatv.com/users/application/default/views/public/css/reset2314.css]
[watchahatv.com/users/application/default/views/public/css/amember2314.css]
[watchahatv.com/users/application/default/views/public/css/compat2314.css]
[use.fontawesome.com/releases/v5.15.1/css/all.css]
[watchahatv.com/users/data/public/solid-color/theme9bf3.css]
[watchahatv.com/users/application/default/views/public/js/jquery/jquery.ui2314.css]
[cdnjs.cloudflare.com/ajax/libs/jquery/3.5.1/jquery.min.js]
[watchahatv.com/users/application/default/views/public/js/vendors-admin-user2314.js]
[watchahatv.com/users/application/default/views/public/js/vendors-user2314.js]
[watchahatv.com/users/application/default/views/public/js/user2314.js]
[watchahatv.com/users/data/public/5f6de8dc43ca4.png]
[watchahatv.com/users/login.html]
[watchahatv.com/users/login4e5e.html]
[cdn.jwplayer.com/libraries/fx81JCMA.js]
[watchahatv.com/webtv/index.html]
[watchahatv.com/users/signup.html]
[watchahatv.com/index-2.html]
[watchahatv.com/assets/index.html]
[www.google.com/recaptcha/apifef7.js]
[watchahatv.com/users/login0632.html]
[watchahatv.com/assets/css/fonts/font-icons.svg]
[watchahatv.com/assets/css/fonts/lined-icons.svg]
[watchahatv.com/assets/css/fonts/Simple-Line-Icons.svg]
[watchahatv.com/assets/one-page/css/et-line/et-line.svg]
[watchahatv.com/assets/fonts/fontawesome-webfont3e6e.svg]
[watchahatv.com/channels3f95.html]
[watchahatv.com/channels9862.html]
[watchahatv.com/channelsde11.html]
[watchahatv.com/channelsa911.html]
[watchahatv.com/channels982a.html]
[watchahatv.com/channelsef47.html]
[watchahatv.com/channels4438.html]
[watchahatv.com/channels2a98.html]
[watchahatv.com/channelsa623.html]
[watchahatv.com/channels950d.html]
[watchahatv.com/channels7bb5.html]
[watchahatv.com/channelsb4e5.html]
[watchahatv.com/moviese45e.html]
[watchahatv.com/movies1103.html]
[watchahatv.com/movies6bea.html]
[watchahatv.com/moviescb68.html]
[watchahatv.com/moviesfb1b.html]
[watchahatv.com/movies8921.html]
[watchahatv.com/moviesb0a5.html]
[watchahatv.com/moviesbcbb.html]
[watchahatv.com/moviesbbb2.html]
[watchahatv.com/movies9394.html]
[watchahatv.com/movies4340.html]
[watchahatv.com/movies6544.html]
[watchahatv.com/moviesf3a0.html]
[watchahatv.com/moviesb8d8.html]
[watchahatv.com/moviesd84f.html]
[watchahatv.com/shows6448.html]
[watchahatv.com/shows192f.html]
[watchahatv.com/shows0c74.html]
[watchahatv.com/showsf698.html]
[watchahatv.com/shows06eb.html]
[watchahatv.com/showse23d.html]
[watchahatv.com/shows44c5.html]
[watchahatv.com/shows8c57.html]
[watchahatv.com/shows0ecd.html]
[watchahatv.com/shows9a6c.html]
[watchahatv.com/shows60f6.html]
[watchahatv.com/showse323.html]
[watchahatv.com/shows451c.html]
[watchahatv.com/series96e1.html]
[watchahatv.com/seriese26e.html]
[watchahatv.com/seriesd2cb.html]
[watchahatv.com/seriesccf4.html]
[watchahatv.com/seriesffea.html]
[watchahatv.com/series9877.html]
[watchahatv.com/seriesaa74.html]
[watchahatv.com/series9a6c.html]
[watchahatv.com/series60f6.html]
[watchahatv.com/seriese323.html]
[watchahatv.com/series451c.html]
[watchahatv.com/android/android-logo.jpg]
[watchahatv.com/android/index.html]
[watchahatv.com/users/application/default/views/public/css/reset2314.css]
[watchahatv.com/users/application/default/views/public/img/sprite/icon.png]
[watchahatv.com/users/application/default/views/public/css/amember2314.css]
[watchahatv.com/users/application/default/views/public/css/compat2314.css]
[use.fontawesome.com/releases/v5.15.1/css/all.css]
[watchahatv.com/users/data/public/solid-color/theme9bf3.css]
[watchahatv.com/users/application/default/views/public/js/jquery/images/ui-icons_444444_256x240.png]
[watchahatv.com/users/application/default/views/public/js/jquery/images/ui-icons_555555_256x240.png]
[watchahatv.com/users/application/default/views/public/js/jquery/images/ui-icons_ffffff_256x240.png]
[watchahatv.com/users/application/default/views/public/js/jquery/images/ui-icons_777620_256x240.png]
[watchahatv.com/users/application/default/views/public/js/jquery/images/ui-icons_cc0000_256x240.png]
[watchahatv.com/users/application/default/views/public/js/jquery/images/ui-icons_777777_256x240.png]
[watchahatv.com/users/application/default/views/public/js/jquery/jquery.ui2314.css]
[watchahatv.com/users/login4e5e.html]
[watchahatv.com/users/login0632.html]
